******************************************************************************
                  MSP430 Linker PC v4.3.3                      
******************************************************************************
>> Linked Sun Oct 12 10:01:03 2014

OUTPUT FILE NAME:   <On-Off Switch.out>
ENTRY POINT SYMBOL: "_c_int00"  address: 0000c83a


MEMORY CONFIGURATION

         name            origin    length      used     unused   attr    fill
----------------------  --------  ---------  --------  --------  ----  --------
  SFR                   00000000   00000010  00000000  00000010  RWIX
  PERIPHERALS_8BIT      00000010   000000f0  00000000  000000f0  RWIX
  PERIPHERALS_16BIT     00000100   00000100  00000000  00000100  RWIX
  RAM                   00000200   00000200  00000071  0000018f  RWIX
  INFOD                 00001000   00000040  00000000  00000040  RWIX
  INFOC                 00001040   00000040  00000000  00000040  RWIX
  INFOB                 00001080   00000040  00000000  00000040  RWIX
  INFOA                 000010c0   00000040  00000000  00000040  RWIX
  FLASH                 0000c000   00003fe0  000009c5  0000361b  RWIX
  INT00                 0000ffe0   00000002  00000000  00000002  RWIX
  INT01                 0000ffe2   00000002  00000000  00000002  RWIX
  INT02                 0000ffe4   00000002  00000002  00000000  RWIX
  INT03                 0000ffe6   00000002  00000002  00000000  RWIX
  INT04                 0000ffe8   00000002  00000000  00000002  RWIX
  INT05                 0000ffea   00000002  00000002  00000000  RWIX
  INT06                 0000ffec   00000002  00000002  00000000  RWIX
  INT07                 0000ffee   00000002  00000002  00000000  RWIX
  INT08                 0000fff0   00000002  00000002  00000000  RWIX
  INT09                 0000fff2   00000002  00000002  00000000  RWIX
  INT10                 0000fff4   00000002  00000002  00000000  RWIX
  INT11                 0000fff6   00000002  00000002  00000000  RWIX
  INT12                 0000fff8   00000002  00000002  00000000  RWIX
  INT13                 0000fffa   00000002  00000002  00000000  RWIX
  INT14                 0000fffc   00000002  00000002  00000000  RWIX
  RESET                 0000fffe   00000002  00000002  00000000  RWIX


SECTION ALLOCATION MAP

 output                                  attributes/
section   page    origin      length       input sections
--------  ----  ----------  ----------   ----------------
.init_array 
*          0    0000c000    00000000     UNINITIALIZED

.data      0    00000200    00000018     UNINITIALIZED
                  00000200    0000000c     HomeAutomation.obj (.data:RXBuffer)
                  0000020c    0000000c     HomeAutomation.obj (.data:TXBuffer)

.TI.persistent 
*          0    00000200    00000000     UNINITIALIZED

.bss       0    00000218    00000009     UNINITIALIZED
                  00000218    00000002     (.common:TXAttempt)
                  0000021a    00000001     (.common:rf_addr_width)
                  0000021b    00000001     (.common:rf_channel)
                  0000021c    00000001     (.common:rf_crc)
                  0000021d    00000001     (.common:rf_feature)
                  0000021e    00000001     (.common:rf_irq)
                  0000021f    00000001     (.common:rf_speed_power)
                  00000220    00000001     (.common:rf_status)

.TI.noinit 
*          0    00000218    00000000     UNINITIALIZED

.stack     0    000003b0    00000050     UNINITIALIZED
                  000003b0    00000002     rts430_eabi.lib : boot.obj (.stack)
                  000003b2    0000004e     --HOLE--

.text      0    0000c000    00000986     
                  0000c000    00000094     msprf24.obj (.text:msprf24_init)
                  0000c094    00000090     HomeAutomation.obj (.text:Home_WaitCommand)
                  0000c124    00000074     msprf24.obj (.text:r_rx_payload)
                  0000c198    0000006a     msprf24.obj (.text:msprf24_set_pipe_packetsize)
                  0000c202    00000064     msprf24.obj (.text:msprf24_set_retransmit_delay)
                  0000c266    00000062     HomeAutomation.obj (.text:Home_OpenPipe)
                  0000c2c8    00000062     msprf24.obj (.text:w_tx_payload)
                  0000c32a    0000005e     rts430_eabi.lib : copy_decompress_rle.obj (.text:__TI_decompress_rle_core)
                  0000c388    0000005e                     : autoinit.obj (.text:_auto_init)
                  0000c3e6    0000005a     msprf24.obj (.text:msprf24_current_state)
                  0000c440    0000005a     msprf24.obj (.text:msprf24_open_pipe)
                  0000c49a    00000058     msprf24.obj (.text:w_rx_addr)
                  0000c4f2    0000003c     HomeAutomation.obj (.text:Home_SendResponse)
                  0000c52e    00000038     msprf24.obj (.text:w_tx_addr)
                  0000c566    00000030     main.obj (.text:main)
                  0000c596    0000002e     msprf24.obj (.text:msprf24_set_speed_power)
                  0000c5c4    0000002e     msprf24.obj (.text:msprf24_standby)
                  0000c5f2    0000002c     rts430_eabi.lib : div16s.obj (.text)
                  0000c61e    0000002c                     : lsl16.obj (.text)
                  0000c64a    0000002a     SPIConfig.obj (.text:SPIB_transfer16)
                  0000c674    0000002a     msprf24.obj (.text:msprf24_set_config)
                  0000c69e    00000028     msprf24.obj (.text:msprf24_activate_tx)
                  0000c6c6    00000026     SPIConfig.obj (.text:SPIInit_USCIB)
                  0000c6ec    00000026     msprf24.obj (.text:r_reg)
                  0000c712    00000026     msprf24.obj (.text:w_reg)
                  0000c738    00000024     msprf24.obj (.text:msprf24_set_address_width)
                  0000c75c    00000022     HomeAutomation.obj (.text:Home_ConfigAntenna)
                  0000c77e    00000022     msprf24.obj (.text:msprf24_activate_rx)
                  0000c7a0    00000022     msprf24.obj (.text:msprf24_enable_feature)
                  0000c7c2    00000022     msprf24.obj (.text:msprf24_set_retransmit_count)
                  0000c7e4    0000001e     msprf24.obj (.text:msprf24_set_channel)
                  0000c802    0000001c     msprf24.obj (.text:msprf24_close_pipe_all)
                  0000c81e    0000001c     msprf24.obj (.text:msprf24_is_alive)
                  0000c83a    0000001a     rts430_eabi.lib : boot.obj (.text:_c_int00_noexit)
                  0000c854    00000018     main.obj (.text:P2_IRQ)
                  0000c86c    00000016     HomeAutomation.obj (.text:Home_SetPipes)
                  0000c882    00000016     msprf24.obj (.text:flush_rx)
                  0000c898    00000016     msprf24.obj (.text:flush_tx)
                  0000c8ae    00000016     rts430_eabi.lib : div16u.obj (.text)
                  0000c8c4    00000014                     : copy_zero_init.obj (.text:decompress:ZI:__TI_zero_init)
                  0000c8d8    00000012     HomeAutomation.obj (.text:Home_Initialize)
                  0000c8ea    00000012     rts430_eabi.lib : copy_decompress_none.obj (.text:decompress:none:__TI_decompress_none)
                  0000c8fc    00000012                     : memcpy.obj (.text:memcpy)
                  0000c90e    00000010     SPIConfig.obj (.text:SPIB_transfer)
                  0000c91e    00000010     msprf24.obj (.text:msprf24_irq_clear)
                  0000c92e    00000010     rts430_eabi.lib : epilog.obj (.text)
                  0000c93e    0000000e     HomeAutomation.obj (.text:Home_SetClock)
                  0000c94c    0000000c     main.obj (.text:USCIAB0RX_ISR)
                  0000c958    0000000c     msprf24.obj (.text:msprf24_powerdown)
                  0000c964    00000006     rts430_eabi.lib : copy_decompress_rle.obj (.text:decompress:rle24:__TI_decompress_rle24)
                  0000c96a    00000004                     : pre_init.obj (.text:_system_pre_init)
                  0000c96e    00000004                     : exit.obj (.text:abort)
                  0000c972    00000002     main.obj (.text:ADC10_ISR)
                  0000c974    00000002     main.obj (.text:COMPARATORA_ISR)
                  0000c976    00000002     main.obj (.text:NMI_ISR)
                  0000c978    00000002     main.obj (.text:P1_IRQ)
                  0000c97a    00000002     main.obj (.text:TIMER0_A0_ISR)
                  0000c97c    00000002     main.obj (.text:TIMER0_A1_ISR)
                  0000c97e    00000002     main.obj (.text:TIMER1_A0_ISR)
                  0000c980    00000002     main.obj (.text:TIMER1_A1_ISR)
                  0000c982    00000002     main.obj (.text:USCIAB0TX_ISR)
                  0000c984    00000002     main.obj (.text:WDT_ISR)

.const     0    0000c986    00000023     
                  0000c986    00000005     HomeAutomation.obj (.const:.string:addr_pipe0)
                  0000c98b    00000001     --HOLE-- [fill = 0]
                  0000c98c    00000005     HomeAutomation.obj (.const:.string:addr_pipe1)
                  0000c991    00000001     --HOLE-- [fill = 0]
                  0000c992    00000005     HomeAutomation.obj (.const:.string:addr_pipe2)
                  0000c997    00000001     --HOLE-- [fill = 0]
                  0000c998    00000005     HomeAutomation.obj (.const:.string:addr_pipe3)
                  0000c99d    00000001     --HOLE-- [fill = 0]
                  0000c99e    00000005     HomeAutomation.obj (.const:.string:addr_pipe4)
                  0000c9a3    00000001     --HOLE-- [fill = 0]
                  0000c9a4    00000005     HomeAutomation.obj (.const:.string:addr_pipe5)

.cinit     0    0000c9aa    0000001c     
                  0000c9aa    00000009     (.cinit..data.load) [load image, compression = rle]
                  0000c9b3    00000001     --HOLE-- [fill = 0]
                  0000c9b4    00000006     (__TI_handler_table)
                  0000c9ba    00000004     (.cinit..bss.load) [load image, compression = zero_init]
                  0000c9be    00000008     (__TI_cinit_table)

PORT1      0    0000ffe4    00000002     
                  0000ffe4    00000002     main.obj (.int02)

PORT2      0    0000ffe6    00000002     
                  0000ffe6    00000002     main.obj (.int03)

ADC10      0    0000ffea    00000002     
                  0000ffea    00000002     main.obj (.int05)

USCIAB0TX 
*          0    0000ffec    00000002     
                  0000ffec    00000002     main.obj (.int06)

USCIAB0RX 
*          0    0000ffee    00000002     
                  0000ffee    00000002     main.obj (.int07)

TIMER0_A1 
*          0    0000fff0    00000002     
                  0000fff0    00000002     main.obj (.int08)

TIMER0_A0 
*          0    0000fff2    00000002     
                  0000fff2    00000002     main.obj (.int09)

WDT        0    0000fff4    00000002     
                  0000fff4    00000002     main.obj (.int10)

COMPARATORA 
*          0    0000fff6    00000002     
                  0000fff6    00000002     main.obj (.int11)

TIMER1_A1 
*          0    0000fff8    00000002     
                  0000fff8    00000002     main.obj (.int12)

TIMER1_A0 
*          0    0000fffa    00000002     
                  0000fffa    00000002     main.obj (.int13)

NMI        0    0000fffc    00000002     
                  0000fffc    00000002     main.obj (.int14)

.reset     0    0000fffe    00000002     
                  0000fffe    00000002     rts430_eabi.lib : boot.obj (.reset)


LINKER GENERATED COPY TABLES

__TI_cinit_table @ 0000c9be records: 2, size/record: 4, table size: 8
	.data: load addr=0000c9aa, load size=00000009 bytes, run addr=00000200, run size=00000018 bytes, compression=rle
	.bss: load addr=0000c9ba, load size=00000004 bytes, run addr=00000218, run size=00000009 bytes, compression=zero_init


LINKER GENERATED HANDLER TABLE

__TI_handler_table @ 0000c9b4 records: 3, size/record: 2, table size: 6
	index: 0, handler: __TI_zero_init
	index: 1, handler: __TI_decompress_rle24
	index: 2, handler: __TI_decompress_none


GLOBAL SYMBOLS: SORTED ALPHABETICALLY BY Name 

address    name
--------   ----
0000004a   ADC10AE0
000001b0   ADC10CTL0
000001b2   ADC10CTL1
00000048   ADC10DTC0
00000049   ADC10DTC1
000001b4   ADC10MEM
000001bc   ADC10SA
0000c972   ADC10_ISR
00000057   BCSCTL1
00000058   BCSCTL2
00000053   BCSCTL3
0000c96e   C$$EXIT
00000059   CACTL1
0000005a   CACTL2
000010fb   CALBC1_12MHZ
000010f9   CALBC1_16MHZ
000010ff   CALBC1_1MHZ
000010fd   CALBC1_8MHZ
000010fa   CALDCO_12MHZ
000010f8   CALDCO_16MHZ
000010fe   CALDCO_1MHZ
000010fc   CALDCO_8MHZ
0000005b   CAPD
0000c974   COMPARATORA_ISR
00000056   DCOCTL
00000128   FCTL1
0000012a   FCTL2
0000012c   FCTL3
0000c75c   Home_ConfigAntenna
0000c8d8   Home_Initialize
0000c266   Home_OpenPipe
0000c4f2   Home_SendResponse
0000c93e   Home_SetClock
0000c86c   Home_SetPipes
0000c094   Home_WaitCommand
00000000   IE1
00000001   IE2
00000002   IFG1
00000003   IFG2
0000c976   NMI_ISR
00000022   P1DIR
00000025   P1IE
00000024   P1IES
00000023   P1IFG
00000020   P1IN
00000021   P1OUT
00000027   P1REN
00000026   P1SEL
00000041   P1SEL2
0000c978   P1_IRQ
0000002a   P2DIR
0000002d   P2IE
0000002c   P2IES
0000002b   P2IFG
00000028   P2IN
00000029   P2OUT
0000002f   P2REN
0000002e   P2SEL
00000042   P2SEL2
0000c854   P2_IRQ
0000001a   P3DIR
00000018   P3IN
00000019   P3OUT
00000010   P3REN
0000001b   P3SEL
00000043   P3SEL2
0000c90e   SPIB_transfer
0000c64a   SPIB_transfer16
0000c6c6   SPIInit_USCIB
00000172   TA0CCR0
00000174   TA0CCR1
00000176   TA0CCR2
00000162   TA0CCTL0
00000164   TA0CCTL1
00000166   TA0CCTL2
00000160   TA0CTL
0000012e   TA0IV
00000170   TA0R
00000192   TA1CCR0
00000194   TA1CCR1
00000196   TA1CCR2
00000182   TA1CCTL0
00000184   TA1CCTL1
00000186   TA1CCTL2
00000180   TA1CTL
0000011e   TA1IV
00000190   TA1R
0000c97a   TIMER0_A0_ISR
0000c97c   TIMER0_A1_ISR
0000c97e   TIMER1_A0_ISR
0000c980   TIMER1_A1_ISR
000010db   TLV_ADC10_1_LEN
000010da   TLV_ADC10_1_TAG
000010c0   TLV_CHECKSUM
000010f7   TLV_DCO_30_LEN
000010f6   TLV_DCO_30_TAG
0000005d   UCA0ABCTL
00000062   UCA0BR0
00000063   UCA0BR1
00000060   UCA0CTL0
00000061   UCA0CTL1
0000005f   UCA0IRRCTL
0000005e   UCA0IRTCTL
00000064   UCA0MCTL
00000066   UCA0RXBUF
00000065   UCA0STAT
00000067   UCA0TXBUF
0000006a   UCB0BR0
0000006b   UCB0BR1
00000068   UCB0CTL0
00000069   UCB0CTL1
0000006c   UCB0I2CIE
00000118   UCB0I2COA
0000011a   UCB0I2CSA
0000006e   UCB0RXBUF
0000006d   UCB0STAT
0000006f   UCB0TXBUF
0000c94c   USCIAB0RX_ISR
0000c982   USCIAB0TX_ISR
00000120   WDTCTL
0000c984   WDT_ISR
00000400   __STACK_END
00000050   __STACK_SIZE
0000c9be   __TI_CINIT_Base
0000c9c6   __TI_CINIT_Limit
0000c9b4   __TI_Handler_Table_Base
0000c9ba   __TI_Handler_Table_Limit
UNDEFED    __TI_INITARRAY_Base
UNDEFED    __TI_INITARRAY_Limit
00000001   __TI_args_main
0000c8ea   __TI_decompress_none
0000c964   __TI_decompress_rle24
00000001   __TI_exit
0000ffe4   __TI_int02
0000ffe6   __TI_int03
0000ffea   __TI_int05
0000ffec   __TI_int06
0000ffee   __TI_int07
0000fff0   __TI_int08
0000fff2   __TI_int09
0000fff4   __TI_int10
0000fff6   __TI_int11
0000fff8   __TI_int12
0000fffa   __TI_int13
0000fffc   __TI_int14
0000c8c4   __TI_zero_init
ffffffff   __binit__
ffffffff   __c_args__
0000c5f2   __mspabi_divi
0000c8ae   __mspabi_divu
0000c93a   __mspabi_func_epilog_1
0000c938   __mspabi_func_epilog_2
0000c936   __mspabi_func_epilog_3
0000c934   __mspabi_func_epilog_4
0000c932   __mspabi_func_epilog_5
0000c930   __mspabi_func_epilog_6
0000c92e   __mspabi_func_epilog_7
0000c5f2   __mspabi_remi
0000c8ae   __mspabi_remu
0000c61e   __mspabi_slli
0000c646   __mspabi_slli_1
0000c634   __mspabi_slli_10
0000c632   __mspabi_slli_11
0000c630   __mspabi_slli_12
0000c62e   __mspabi_slli_13
0000c62c   __mspabi_slli_14
0000c62a   __mspabi_slli_15
0000c644   __mspabi_slli_2
0000c642   __mspabi_slli_3
0000c640   __mspabi_slli_4
0000c63e   __mspabi_slli_5
0000c63c   __mspabi_slli_6
0000c63a   __mspabi_slli_7
0000c638   __mspabi_slli_8
0000c636   __mspabi_slli_9
0000c388   _auto_init
0000c83a   _c_int00
0000c83a   _c_int00_noexit
0000fffe   _reset_vector
000003b0   _stack
0000c96a   _system_pre_init
0000c96e   abort
ffffffff   binit
0000c882   flush_rx
0000c898   flush_tx
0000c566   main
0000c8fc   memcpy
0000c77e   msprf24_activate_rx
0000c69e   msprf24_activate_tx
0000c802   msprf24_close_pipe_all
0000c3e6   msprf24_current_state
0000c7a0   msprf24_enable_feature
0000c000   msprf24_init
0000c91e   msprf24_irq_clear
0000c81e   msprf24_is_alive
0000c440   msprf24_open_pipe
0000c958   msprf24_powerdown
0000c738   msprf24_set_address_width
0000c7e4   msprf24_set_channel
0000c674   msprf24_set_config
0000c198   msprf24_set_pipe_packetsize
0000c7c2   msprf24_set_retransmit_count
0000c202   msprf24_set_retransmit_delay
0000c596   msprf24_set_speed_power
0000c5c4   msprf24_standby
0000c6ec   r_reg
0000c124   r_rx_payload
0000021a   rf_addr_width
0000021b   rf_channel
0000021c   rf_crc
0000021d   rf_feature
0000021e   rf_irq
0000021f   rf_speed_power
00000220   rf_status
0000c712   w_reg
0000c49a   w_rx_addr
0000c52e   w_tx_addr
0000c2c8   w_tx_payload


GLOBAL SYMBOLS: SORTED BY Symbol Address 

address    name
--------   ----
00000000   IE1
00000001   IE2
00000001   __TI_args_main
00000001   __TI_exit
00000002   IFG1
00000003   IFG2
00000010   P3REN
00000018   P3IN
00000019   P3OUT
0000001a   P3DIR
0000001b   P3SEL
00000020   P1IN
00000021   P1OUT
00000022   P1DIR
00000023   P1IFG
00000024   P1IES
00000025   P1IE
00000026   P1SEL
00000027   P1REN
00000028   P2IN
00000029   P2OUT
0000002a   P2DIR
0000002b   P2IFG
0000002c   P2IES
0000002d   P2IE
0000002e   P2SEL
0000002f   P2REN
00000041   P1SEL2
00000042   P2SEL2
00000043   P3SEL2
00000048   ADC10DTC0
00000049   ADC10DTC1
0000004a   ADC10AE0
00000050   __STACK_SIZE
00000053   BCSCTL3
00000056   DCOCTL
00000057   BCSCTL1
00000058   BCSCTL2
00000059   CACTL1
0000005a   CACTL2
0000005b   CAPD
0000005d   UCA0ABCTL
0000005e   UCA0IRTCTL
0000005f   UCA0IRRCTL
00000060   UCA0CTL0
00000061   UCA0CTL1
00000062   UCA0BR0
00000063   UCA0BR1
00000064   UCA0MCTL
00000065   UCA0STAT
00000066   UCA0RXBUF
00000067   UCA0TXBUF
00000068   UCB0CTL0
00000069   UCB0CTL1
0000006a   UCB0BR0
0000006b   UCB0BR1
0000006c   UCB0I2CIE
0000006d   UCB0STAT
0000006e   UCB0RXBUF
0000006f   UCB0TXBUF
00000118   UCB0I2COA
0000011a   UCB0I2CSA
0000011e   TA1IV
00000120   WDTCTL
00000128   FCTL1
0000012a   FCTL2
0000012c   FCTL3
0000012e   TA0IV
00000160   TA0CTL
00000162   TA0CCTL0
00000164   TA0CCTL1
00000166   TA0CCTL2
00000170   TA0R
00000172   TA0CCR0
00000174   TA0CCR1
00000176   TA0CCR2
00000180   TA1CTL
00000182   TA1CCTL0
00000184   TA1CCTL1
00000186   TA1CCTL2
00000190   TA1R
00000192   TA1CCR0
00000194   TA1CCR1
00000196   TA1CCR2
000001b0   ADC10CTL0
000001b2   ADC10CTL1
000001b4   ADC10MEM
000001bc   ADC10SA
0000021a   rf_addr_width
0000021b   rf_channel
0000021c   rf_crc
0000021d   rf_feature
0000021e   rf_irq
0000021f   rf_speed_power
00000220   rf_status
000003b0   _stack
00000400   __STACK_END
000010c0   TLV_CHECKSUM
000010da   TLV_ADC10_1_TAG
000010db   TLV_ADC10_1_LEN
000010f6   TLV_DCO_30_TAG
000010f7   TLV_DCO_30_LEN
000010f8   CALDCO_16MHZ
000010f9   CALBC1_16MHZ
000010fa   CALDCO_12MHZ
000010fb   CALBC1_12MHZ
000010fc   CALDCO_8MHZ
000010fd   CALBC1_8MHZ
000010fe   CALDCO_1MHZ
000010ff   CALBC1_1MHZ
0000c000   msprf24_init
0000c094   Home_WaitCommand
0000c124   r_rx_payload
0000c198   msprf24_set_pipe_packetsize
0000c202   msprf24_set_retransmit_delay
0000c266   Home_OpenPipe
0000c2c8   w_tx_payload
0000c388   _auto_init
0000c3e6   msprf24_current_state
0000c440   msprf24_open_pipe
0000c49a   w_rx_addr
0000c4f2   Home_SendResponse
0000c52e   w_tx_addr
0000c566   main
0000c596   msprf24_set_speed_power
0000c5c4   msprf24_standby
0000c5f2   __mspabi_divi
0000c5f2   __mspabi_remi
0000c61e   __mspabi_slli
0000c62a   __mspabi_slli_15
0000c62c   __mspabi_slli_14
0000c62e   __mspabi_slli_13
0000c630   __mspabi_slli_12
0000c632   __mspabi_slli_11
0000c634   __mspabi_slli_10
0000c636   __mspabi_slli_9
0000c638   __mspabi_slli_8
0000c63a   __mspabi_slli_7
0000c63c   __mspabi_slli_6
0000c63e   __mspabi_slli_5
0000c640   __mspabi_slli_4
0000c642   __mspabi_slli_3
0000c644   __mspabi_slli_2
0000c646   __mspabi_slli_1
0000c64a   SPIB_transfer16
0000c674   msprf24_set_config
0000c69e   msprf24_activate_tx
0000c6c6   SPIInit_USCIB
0000c6ec   r_reg
0000c712   w_reg
0000c738   msprf24_set_address_width
0000c75c   Home_ConfigAntenna
0000c77e   msprf24_activate_rx
0000c7a0   msprf24_enable_feature
0000c7c2   msprf24_set_retransmit_count
0000c7e4   msprf24_set_channel
0000c802   msprf24_close_pipe_all
0000c81e   msprf24_is_alive
0000c83a   _c_int00
0000c83a   _c_int00_noexit
0000c854   P2_IRQ
0000c86c   Home_SetPipes
0000c882   flush_rx
0000c898   flush_tx
0000c8ae   __mspabi_divu
0000c8ae   __mspabi_remu
0000c8c4   __TI_zero_init
0000c8d8   Home_Initialize
0000c8ea   __TI_decompress_none
0000c8fc   memcpy
0000c90e   SPIB_transfer
0000c91e   msprf24_irq_clear
0000c92e   __mspabi_func_epilog_7
0000c930   __mspabi_func_epilog_6
0000c932   __mspabi_func_epilog_5
0000c934   __mspabi_func_epilog_4
0000c936   __mspabi_func_epilog_3
0000c938   __mspabi_func_epilog_2
0000c93a   __mspabi_func_epilog_1
0000c93e   Home_SetClock
0000c94c   USCIAB0RX_ISR
0000c958   msprf24_powerdown
0000c964   __TI_decompress_rle24
0000c96a   _system_pre_init
0000c96e   C$$EXIT
0000c96e   abort
0000c972   ADC10_ISR
0000c974   COMPARATORA_ISR
0000c976   NMI_ISR
0000c978   P1_IRQ
0000c97a   TIMER0_A0_ISR
0000c97c   TIMER0_A1_ISR
0000c97e   TIMER1_A0_ISR
0000c980   TIMER1_A1_ISR
0000c982   USCIAB0TX_ISR
0000c984   WDT_ISR
0000c9b4   __TI_Handler_Table_Base
0000c9ba   __TI_Handler_Table_Limit
0000c9be   __TI_CINIT_Base
0000c9c6   __TI_CINIT_Limit
0000ffe4   __TI_int02
0000ffe6   __TI_int03
0000ffea   __TI_int05
0000ffec   __TI_int06
0000ffee   __TI_int07
0000fff0   __TI_int08
0000fff2   __TI_int09
0000fff4   __TI_int10
0000fff6   __TI_int11
0000fff8   __TI_int12
0000fffa   __TI_int13
0000fffc   __TI_int14
0000fffe   _reset_vector
ffffffff   __binit__
ffffffff   __c_args__
ffffffff   binit
UNDEFED    __TI_INITARRAY_Base
UNDEFED    __TI_INITARRAY_Limit

[218 symbols]
