******************************************************************************
                  MSP430 Linker PC v4.3.3                      
******************************************************************************
>> Linked Sun Oct 12 09:41:15 2014

OUTPUT FILE NAME:   <Temp Transmitter.out>
ENTRY POINT SYMBOL: "_c_int00"  address: 0000c7de


MEMORY CONFIGURATION

         name            origin    length      used     unused   attr    fill
----------------------  --------  ---------  --------  --------  ----  --------
  SFR                   00000000   00000010  00000000  00000010  RWIX
  PERIPHERALS_8BIT      00000010   000000f0  00000000  000000f0  RWIX
  PERIPHERALS_16BIT     00000100   00000100  00000000  00000100  RWIX
  RAM                   00000200   00000200  00000063  0000019d  RWIX
  INFOD                 00001000   00000040  00000000  00000040  RWIX
  INFOC                 00001040   00000040  00000000  00000040  RWIX
  INFOB                 00001080   00000040  00000000  00000040  RWIX
  INFOA                 000010c0   00000040  00000000  00000040  RWIX
  FLASH                 0000c000   00003fe0  00000921  000036bf  RWIX
  INT00                 0000ffe0   00000002  00000000  00000002  RWIX
  INT01                 0000ffe2   00000002  00000000  00000002  RWIX
  INT02                 0000ffe4   00000002  00000002  00000000  RWIX
  INT03                 0000ffe6   00000002  00000002  00000000  RWIX
  INT04                 0000ffe8   00000002  00000000  00000002  RWIX
  INT05                 0000ffea   00000002  00000002  00000000  RWIX
  INT06                 0000ffec   00000002  00000002  00000000  RWIX
  INT07                 0000ffee   00000002  00000002  00000000  RWIX
  INT08                 0000fff0   00000002  00000002  00000000  RWIX
  INT09                 0000fff2   00000002  00000002  00000000  RWIX
  INT10                 0000fff4   00000002  00000002  00000000  RWIX
  INT11                 0000fff6   00000002  00000002  00000000  RWIX
  INT12                 0000fff8   00000002  00000002  00000000  RWIX
  INT13                 0000fffa   00000002  00000002  00000000  RWIX
  INT14                 0000fffc   00000002  00000002  00000000  RWIX
  RESET                 0000fffe   00000002  00000002  00000000  RWIX


SECTION ALLOCATION MAP

 output                                  attributes/
section   page    origin      length       input sections
--------  ----  ----------  ----------   ----------------
.init_array 
*          0    0000c000    00000000     UNINITIALIZED

.data      0    00000200    0000000c     UNINITIALIZED
                  00000200    0000000c     main.obj (.data:RXBuffer)

.TI.persistent 
*          0    00000200    00000000     UNINITIALIZED

.bss       0    0000020c    00000007     UNINITIALIZED
                  0000020c    00000001     (.common:rf_addr_width)
                  0000020d    00000001     (.common:rf_channel)
                  0000020e    00000001     (.common:rf_crc)
                  0000020f    00000001     (.common:rf_feature)
                  00000210    00000001     (.common:rf_irq)
                  00000211    00000001     (.common:rf_speed_power)
                  00000212    00000001     (.common:rf_status)

.TI.noinit 
*          0    0000020c    00000000     UNINITIALIZED

.stack     0    000003b0    00000050     UNINITIALIZED
                  000003b0    00000002     rts430_eabi.lib : boot.obj (.stack)
                  000003b2    0000004e     --HOLE--

.text      0    0000c000    000008f4     
                  0000c000    000000fa     main.obj (.text:main)
                  0000c0fa    00000094     msprf24.obj (.text:msprf24_init)
                  0000c18e    00000074     msprf24.obj (.text:r_rx_payload)
                  0000c202    0000006a     msprf24.obj (.text:msprf24_set_pipe_packetsize)
                  0000c26c    00000064     msprf24.obj (.text:msprf24_set_retransmit_delay)
                  0000c2d0    00000062     msprf24.obj (.text:w_tx_payload)
                  0000c332    0000005e     rts430_eabi.lib : copy_decompress_rle.obj (.text:__TI_decompress_rle_core)
                  0000c390    0000005e                     : autoinit.obj (.text:_auto_init)
                  0000c3ee    0000005a     msprf24.obj (.text:msprf24_current_state)
                  0000c448    0000005a     msprf24.obj (.text:msprf24_open_pipe)
                  0000c4a2    00000058     msprf24.obj (.text:w_rx_addr)
                  0000c4fa    00000038     msprf24.obj (.text:w_tx_addr)
                  0000c532    0000002e     msprf24.obj (.text:msprf24_set_speed_power)
                  0000c560    0000002e     msprf24.obj (.text:msprf24_standby)
                  0000c58e    0000002c     rts430_eabi.lib : div16s.obj (.text)
                  0000c5ba    0000002c                     : lsl16.obj (.text)
                  0000c5e6    0000002a     SPIConfig.obj (.text:SPIB_transfer16)
                  0000c610    0000002a     msprf24.obj (.text:msprf24_get_irq_reason)
                  0000c63a    0000002a     msprf24.obj (.text:msprf24_set_config)
                  0000c664    00000028     msprf24.obj (.text:msprf24_activate_tx)
                  0000c68c    00000026     SPIConfig.obj (.text:SPIInit_USCIB)
                  0000c6b2    00000026     msprf24.obj (.text:r_reg)
                  0000c6d8    00000026     msprf24.obj (.text:w_reg)
                  0000c6fe    00000024     msprf24.obj (.text:msprf24_set_address_width)
                  0000c722    00000022     msprf24.obj (.text:msprf24_activate_rx)
                  0000c744    00000022     msprf24.obj (.text:msprf24_enable_feature)
                  0000c766    00000022     msprf24.obj (.text:msprf24_set_retransmit_count)
                  0000c788    0000001e     msprf24.obj (.text:msprf24_set_channel)
                  0000c7a6    0000001c     msprf24.obj (.text:msprf24_close_pipe_all)
                  0000c7c2    0000001c     msprf24.obj (.text:msprf24_is_alive)
                  0000c7de    0000001a     rts430_eabi.lib : boot.obj (.text:_c_int00_noexit)
                  0000c7f8    00000018     main.obj (.text:P2_IRQ)
                  0000c810    00000016     msprf24.obj (.text:flush_rx)
                  0000c826    00000016     msprf24.obj (.text:flush_tx)
                  0000c83c    00000016     rts430_eabi.lib : div16u.obj (.text)
                  0000c852    00000014                     : copy_zero_init.obj (.text:decompress:ZI:__TI_zero_init)
                  0000c866    00000012                     : copy_decompress_none.obj (.text:decompress:none:__TI_decompress_none)
                  0000c878    00000012                     : memcpy.obj (.text:memcpy)
                  0000c88a    00000010     SPIConfig.obj (.text:SPIB_transfer)
                  0000c89a    00000010     msprf24.obj (.text:msprf24_irq_clear)
                  0000c8aa    00000010     rts430_eabi.lib : epilog.obj (.text)
                  0000c8ba    0000000c     main.obj (.text:USCIAB0RX_ISR)
                  0000c8c6    0000000c     msprf24.obj (.text:msprf24_powerdown)
                  0000c8d2    00000006     rts430_eabi.lib : copy_decompress_rle.obj (.text:decompress:rle24:__TI_decompress_rle24)
                  0000c8d8    00000004                     : pre_init.obj (.text:_system_pre_init)
                  0000c8dc    00000004                     : exit.obj (.text:abort)
                  0000c8e0    00000002     main.obj (.text:ADC10_ISR)
                  0000c8e2    00000002     main.obj (.text:COMPARATORA_ISR)
                  0000c8e4    00000002     main.obj (.text:NMI_ISR)
                  0000c8e6    00000002     main.obj (.text:P1_IRQ)
                  0000c8e8    00000002     main.obj (.text:TIMER0_A0_ISR)
                  0000c8ea    00000002     main.obj (.text:TIMER0_A1_ISR)
                  0000c8ec    00000002     main.obj (.text:TIMER1_A0_ISR)
                  0000c8ee    00000002     main.obj (.text:TIMER1_A1_ISR)
                  0000c8f0    00000002     main.obj (.text:USCIAB0TX_ISR)
                  0000c8f2    00000002     main.obj (.text:WDT_ISR)

.const     0    0000c8f4    00000011     
                  0000c8f4    0000000c     main.obj (.const:.string:send)
                  0000c900    00000005     main.obj (.const:.string:addr_pipe1)

.cinit     0    0000c906    0000001c     
                  0000c906    00000009     (.cinit..data.load) [load image, compression = rle]
                  0000c90f    00000001     --HOLE-- [fill = 0]
                  0000c910    00000006     (__TI_handler_table)
                  0000c916    00000004     (.cinit..bss.load) [load image, compression = zero_init]
                  0000c91a    00000008     (__TI_cinit_table)

PORT1      0    0000ffe4    00000002     
                  0000ffe4    00000002     main.obj (.int02)

PORT2      0    0000ffe6    00000002     
                  0000ffe6    00000002     main.obj (.int03)

ADC10      0    0000ffea    00000002     
                  0000ffea    00000002     main.obj (.int05)

USCIAB0TX 
*          0    0000ffec    00000002     
                  0000ffec    00000002     main.obj (.int06)

USCIAB0RX 
*          0    0000ffee    00000002     
                  0000ffee    00000002     main.obj (.int07)

TIMER0_A1 
*          0    0000fff0    00000002     
                  0000fff0    00000002     main.obj (.int08)

TIMER0_A0 
*          0    0000fff2    00000002     
                  0000fff2    00000002     main.obj (.int09)

WDT        0    0000fff4    00000002     
                  0000fff4    00000002     main.obj (.int10)

COMPARATORA 
*          0    0000fff6    00000002     
                  0000fff6    00000002     main.obj (.int11)

TIMER1_A1 
*          0    0000fff8    00000002     
                  0000fff8    00000002     main.obj (.int12)

TIMER1_A0 
*          0    0000fffa    00000002     
                  0000fffa    00000002     main.obj (.int13)

NMI        0    0000fffc    00000002     
                  0000fffc    00000002     main.obj (.int14)

.reset     0    0000fffe    00000002     
                  0000fffe    00000002     rts430_eabi.lib : boot.obj (.reset)


LINKER GENERATED COPY TABLES

__TI_cinit_table @ 0000c91a records: 2, size/record: 4, table size: 8
	.data: load addr=0000c906, load size=00000009 bytes, run addr=00000200, run size=0000000c bytes, compression=rle
	.bss: load addr=0000c916, load size=00000004 bytes, run addr=0000020c, run size=00000007 bytes, compression=zero_init


LINKER GENERATED HANDLER TABLE

__TI_handler_table @ 0000c910 records: 3, size/record: 2, table size: 6
	index: 0, handler: __TI_zero_init
	index: 1, handler: __TI_decompress_rle24
	index: 2, handler: __TI_decompress_none


GLOBAL SYMBOLS: SORTED ALPHABETICALLY BY Name 

address    name
--------   ----
0000004a   ADC10AE0
000001b0   ADC10CTL0
000001b2   ADC10CTL1
00000048   ADC10DTC0
00000049   ADC10DTC1
000001b4   ADC10MEM
000001bc   ADC10SA
0000c8e0   ADC10_ISR
00000057   BCSCTL1
00000058   BCSCTL2
00000053   BCSCTL3
0000c8dc   C$$EXIT
00000059   CACTL1
0000005a   CACTL2
000010fb   CALBC1_12MHZ
000010f9   CALBC1_16MHZ
000010ff   CALBC1_1MHZ
000010fd   CALBC1_8MHZ
000010fa   CALDCO_12MHZ
000010f8   CALDCO_16MHZ
000010fe   CALDCO_1MHZ
000010fc   CALDCO_8MHZ
0000005b   CAPD
0000c8e2   COMPARATORA_ISR
00000056   DCOCTL
00000128   FCTL1
0000012a   FCTL2
0000012c   FCTL3
00000000   IE1
00000001   IE2
00000002   IFG1
00000003   IFG2
0000c8e4   NMI_ISR
00000022   P1DIR
00000025   P1IE
00000024   P1IES
00000023   P1IFG
00000020   P1IN
00000021   P1OUT
00000027   P1REN
00000026   P1SEL
00000041   P1SEL2
0000c8e6   P1_IRQ
0000002a   P2DIR
0000002d   P2IE
0000002c   P2IES
0000002b   P2IFG
00000028   P2IN
00000029   P2OUT
0000002f   P2REN
0000002e   P2SEL
00000042   P2SEL2
0000c7f8   P2_IRQ
0000001a   P3DIR
00000018   P3IN
00000019   P3OUT
00000010   P3REN
0000001b   P3SEL
00000043   P3SEL2
0000c88a   SPIB_transfer
0000c5e6   SPIB_transfer16
0000c68c   SPIInit_USCIB
00000172   TA0CCR0
00000174   TA0CCR1
00000176   TA0CCR2
00000162   TA0CCTL0
00000164   TA0CCTL1
00000166   TA0CCTL2
00000160   TA0CTL
0000012e   TA0IV
00000170   TA0R
00000192   TA1CCR0
00000194   TA1CCR1
00000196   TA1CCR2
00000182   TA1CCTL0
00000184   TA1CCTL1
00000186   TA1CCTL2
00000180   TA1CTL
0000011e   TA1IV
00000190   TA1R
0000c8e8   TIMER0_A0_ISR
0000c8ea   TIMER0_A1_ISR
0000c8ec   TIMER1_A0_ISR
0000c8ee   TIMER1_A1_ISR
000010db   TLV_ADC10_1_LEN
000010da   TLV_ADC10_1_TAG
000010c0   TLV_CHECKSUM
000010f7   TLV_DCO_30_LEN
000010f6   TLV_DCO_30_TAG
0000005d   UCA0ABCTL
00000062   UCA0BR0
00000063   UCA0BR1
00000060   UCA0CTL0
00000061   UCA0CTL1
0000005f   UCA0IRRCTL
0000005e   UCA0IRTCTL
00000064   UCA0MCTL
00000066   UCA0RXBUF
00000065   UCA0STAT
00000067   UCA0TXBUF
0000006a   UCB0BR0
0000006b   UCB0BR1
00000068   UCB0CTL0
00000069   UCB0CTL1
0000006c   UCB0I2CIE
00000118   UCB0I2COA
0000011a   UCB0I2CSA
0000006e   UCB0RXBUF
0000006d   UCB0STAT
0000006f   UCB0TXBUF
0000c8ba   USCIAB0RX_ISR
0000c8f0   USCIAB0TX_ISR
00000120   WDTCTL
0000c8f2   WDT_ISR
00000400   __STACK_END
00000050   __STACK_SIZE
0000c91a   __TI_CINIT_Base
0000c922   __TI_CINIT_Limit
0000c910   __TI_Handler_Table_Base
0000c916   __TI_Handler_Table_Limit
UNDEFED    __TI_INITARRAY_Base
UNDEFED    __TI_INITARRAY_Limit
00000001   __TI_args_main
0000c866   __TI_decompress_none
0000c8d2   __TI_decompress_rle24
00000001   __TI_exit
0000ffe4   __TI_int02
0000ffe6   __TI_int03
0000ffea   __TI_int05
0000ffec   __TI_int06
0000ffee   __TI_int07
0000fff0   __TI_int08
0000fff2   __TI_int09
0000fff4   __TI_int10
0000fff6   __TI_int11
0000fff8   __TI_int12
0000fffa   __TI_int13
0000fffc   __TI_int14
0000c852   __TI_zero_init
ffffffff   __binit__
ffffffff   __c_args__
0000c58e   __mspabi_divi
0000c83c   __mspabi_divu
0000c8b6   __mspabi_func_epilog_1
0000c8b4   __mspabi_func_epilog_2
0000c8b2   __mspabi_func_epilog_3
0000c8b0   __mspabi_func_epilog_4
0000c8ae   __mspabi_func_epilog_5
0000c8ac   __mspabi_func_epilog_6
0000c8aa   __mspabi_func_epilog_7
0000c58e   __mspabi_remi
0000c83c   __mspabi_remu
0000c5ba   __mspabi_slli
0000c5e2   __mspabi_slli_1
0000c5d0   __mspabi_slli_10
0000c5ce   __mspabi_slli_11
0000c5cc   __mspabi_slli_12
0000c5ca   __mspabi_slli_13
0000c5c8   __mspabi_slli_14
0000c5c6   __mspabi_slli_15
0000c5e0   __mspabi_slli_2
0000c5de   __mspabi_slli_3
0000c5dc   __mspabi_slli_4
0000c5da   __mspabi_slli_5
0000c5d8   __mspabi_slli_6
0000c5d6   __mspabi_slli_7
0000c5d4   __mspabi_slli_8
0000c5d2   __mspabi_slli_9
0000c390   _auto_init
0000c7de   _c_int00
0000c7de   _c_int00_noexit
0000fffe   _reset_vector
000003b0   _stack
0000c8d8   _system_pre_init
0000c8dc   abort
ffffffff   binit
0000c810   flush_rx
0000c826   flush_tx
0000c000   main
0000c878   memcpy
0000c722   msprf24_activate_rx
0000c664   msprf24_activate_tx
0000c7a6   msprf24_close_pipe_all
0000c3ee   msprf24_current_state
0000c744   msprf24_enable_feature
0000c610   msprf24_get_irq_reason
0000c0fa   msprf24_init
0000c89a   msprf24_irq_clear
0000c7c2   msprf24_is_alive
0000c448   msprf24_open_pipe
0000c8c6   msprf24_powerdown
0000c6fe   msprf24_set_address_width
0000c788   msprf24_set_channel
0000c63a   msprf24_set_config
0000c202   msprf24_set_pipe_packetsize
0000c766   msprf24_set_retransmit_count
0000c26c   msprf24_set_retransmit_delay
0000c532   msprf24_set_speed_power
0000c560   msprf24_standby
0000c6b2   r_reg
0000c18e   r_rx_payload
0000020c   rf_addr_width
0000020d   rf_channel
0000020e   rf_crc
0000020f   rf_feature
00000210   rf_irq
00000211   rf_speed_power
00000212   rf_status
0000c8f4   send
0000c6d8   w_reg
0000c4a2   w_rx_addr
0000c4fa   w_tx_addr
0000c2d0   w_tx_payload


GLOBAL SYMBOLS: SORTED BY Symbol Address 

address    name
--------   ----
00000000   IE1
00000001   IE2
00000001   __TI_args_main
00000001   __TI_exit
00000002   IFG1
00000003   IFG2
00000010   P3REN
00000018   P3IN
00000019   P3OUT
0000001a   P3DIR
0000001b   P3SEL
00000020   P1IN
00000021   P1OUT
00000022   P1DIR
00000023   P1IFG
00000024   P1IES
00000025   P1IE
00000026   P1SEL
00000027   P1REN
00000028   P2IN
00000029   P2OUT
0000002a   P2DIR
0000002b   P2IFG
0000002c   P2IES
0000002d   P2IE
0000002e   P2SEL
0000002f   P2REN
00000041   P1SEL2
00000042   P2SEL2
00000043   P3SEL2
00000048   ADC10DTC0
00000049   ADC10DTC1
0000004a   ADC10AE0
00000050   __STACK_SIZE
00000053   BCSCTL3
00000056   DCOCTL
00000057   BCSCTL1
00000058   BCSCTL2
00000059   CACTL1
0000005a   CACTL2
0000005b   CAPD
0000005d   UCA0ABCTL
0000005e   UCA0IRTCTL
0000005f   UCA0IRRCTL
00000060   UCA0CTL0
00000061   UCA0CTL1
00000062   UCA0BR0
00000063   UCA0BR1
00000064   UCA0MCTL
00000065   UCA0STAT
00000066   UCA0RXBUF
00000067   UCA0TXBUF
00000068   UCB0CTL0
00000069   UCB0CTL1
0000006a   UCB0BR0
0000006b   UCB0BR1
0000006c   UCB0I2CIE
0000006d   UCB0STAT
0000006e   UCB0RXBUF
0000006f   UCB0TXBUF
00000118   UCB0I2COA
0000011a   UCB0I2CSA
0000011e   TA1IV
00000120   WDTCTL
00000128   FCTL1
0000012a   FCTL2
0000012c   FCTL3
0000012e   TA0IV
00000160   TA0CTL
00000162   TA0CCTL0
00000164   TA0CCTL1
00000166   TA0CCTL2
00000170   TA0R
00000172   TA0CCR0
00000174   TA0CCR1
00000176   TA0CCR2
00000180   TA1CTL
00000182   TA1CCTL0
00000184   TA1CCTL1
00000186   TA1CCTL2
00000190   TA1R
00000192   TA1CCR0
00000194   TA1CCR1
00000196   TA1CCR2
000001b0   ADC10CTL0
000001b2   ADC10CTL1
000001b4   ADC10MEM
000001bc   ADC10SA
0000020c   rf_addr_width
0000020d   rf_channel
0000020e   rf_crc
0000020f   rf_feature
00000210   rf_irq
00000211   rf_speed_power
00000212   rf_status
000003b0   _stack
00000400   __STACK_END
000010c0   TLV_CHECKSUM
000010da   TLV_ADC10_1_TAG
000010db   TLV_ADC10_1_LEN
000010f6   TLV_DCO_30_TAG
000010f7   TLV_DCO_30_LEN
000010f8   CALDCO_16MHZ
000010f9   CALBC1_16MHZ
000010fa   CALDCO_12MHZ
000010fb   CALBC1_12MHZ
000010fc   CALDCO_8MHZ
000010fd   CALBC1_8MHZ
000010fe   CALDCO_1MHZ
000010ff   CALBC1_1MHZ
0000c000   main
0000c0fa   msprf24_init
0000c18e   r_rx_payload
0000c202   msprf24_set_pipe_packetsize
0000c26c   msprf24_set_retransmit_delay
0000c2d0   w_tx_payload
0000c390   _auto_init
0000c3ee   msprf24_current_state
0000c448   msprf24_open_pipe
0000c4a2   w_rx_addr
0000c4fa   w_tx_addr
0000c532   msprf24_set_speed_power
0000c560   msprf24_standby
0000c58e   __mspabi_divi
0000c58e   __mspabi_remi
0000c5ba   __mspabi_slli
0000c5c6   __mspabi_slli_15
0000c5c8   __mspabi_slli_14
0000c5ca   __mspabi_slli_13
0000c5cc   __mspabi_slli_12
0000c5ce   __mspabi_slli_11
0000c5d0   __mspabi_slli_10
0000c5d2   __mspabi_slli_9
0000c5d4   __mspabi_slli_8
0000c5d6   __mspabi_slli_7
0000c5d8   __mspabi_slli_6
0000c5da   __mspabi_slli_5
0000c5dc   __mspabi_slli_4
0000c5de   __mspabi_slli_3
0000c5e0   __mspabi_slli_2
0000c5e2   __mspabi_slli_1
0000c5e6   SPIB_transfer16
0000c610   msprf24_get_irq_reason
0000c63a   msprf24_set_config
0000c664   msprf24_activate_tx
0000c68c   SPIInit_USCIB
0000c6b2   r_reg
0000c6d8   w_reg
0000c6fe   msprf24_set_address_width
0000c722   msprf24_activate_rx
0000c744   msprf24_enable_feature
0000c766   msprf24_set_retransmit_count
0000c788   msprf24_set_channel
0000c7a6   msprf24_close_pipe_all
0000c7c2   msprf24_is_alive
0000c7de   _c_int00
0000c7de   _c_int00_noexit
0000c7f8   P2_IRQ
0000c810   flush_rx
0000c826   flush_tx
0000c83c   __mspabi_divu
0000c83c   __mspabi_remu
0000c852   __TI_zero_init
0000c866   __TI_decompress_none
0000c878   memcpy
0000c88a   SPIB_transfer
0000c89a   msprf24_irq_clear
0000c8aa   __mspabi_func_epilog_7
0000c8ac   __mspabi_func_epilog_6
0000c8ae   __mspabi_func_epilog_5
0000c8b0   __mspabi_func_epilog_4
0000c8b2   __mspabi_func_epilog_3
0000c8b4   __mspabi_func_epilog_2
0000c8b6   __mspabi_func_epilog_1
0000c8ba   USCIAB0RX_ISR
0000c8c6   msprf24_powerdown
0000c8d2   __TI_decompress_rle24
0000c8d8   _system_pre_init
0000c8dc   C$$EXIT
0000c8dc   abort
0000c8e0   ADC10_ISR
0000c8e2   COMPARATORA_ISR
0000c8e4   NMI_ISR
0000c8e6   P1_IRQ
0000c8e8   TIMER0_A0_ISR
0000c8ea   TIMER0_A1_ISR
0000c8ec   TIMER1_A0_ISR
0000c8ee   TIMER1_A1_ISR
0000c8f0   USCIAB0TX_ISR
0000c8f2   WDT_ISR
0000c8f4   send
0000c910   __TI_Handler_Table_Base
0000c916   __TI_Handler_Table_Limit
0000c91a   __TI_CINIT_Base
0000c922   __TI_CINIT_Limit
0000ffe4   __TI_int02
0000ffe6   __TI_int03
0000ffea   __TI_int05
0000ffec   __TI_int06
0000ffee   __TI_int07
0000fff0   __TI_int08
0000fff2   __TI_int09
0000fff4   __TI_int10
0000fff6   __TI_int11
0000fff8   __TI_int12
0000fffa   __TI_int13
0000fffc   __TI_int14
0000fffe   _reset_vector
ffffffff   __binit__
ffffffff   __c_args__
ffffffff   binit
UNDEFED    __TI_INITARRAY_Base
UNDEFED    __TI_INITARRAY_Limit

[213 symbols]
