******************************************************************************
                  MSP430 Linker PC v4.1.5                      
******************************************************************************
>> Linked Thu Oct 03 10:23:19 2013

OUTPUT FILE NAME:   <temp2.out>
ENTRY POINT SYMBOL: "_c_int00"  address: 0000c7da


MEMORY CONFIGURATION

         name            origin    length      used     unused   attr    fill
----------------------  --------  ---------  --------  --------  ----  --------
  SFR                   00000000   00000010  00000000  00000010  RWIX
  PERIPHERALS_8BIT      00000010   000000f0  00000000  000000f0  RWIX
  PERIPHERALS_16BIT     00000100   00000100  00000000  00000100  RWIX
  RAM                   00000200   00000200  0000008a  00000176  RWIX
  INFOD                 00001000   00000040  00000000  00000040  RWIX
  INFOC                 00001040   00000040  00000000  00000040  RWIX
  INFOB                 00001080   00000040  00000000  00000040  RWIX
  INFOA                 000010c0   00000040  00000000  00000040  RWIX
  FLASH                 0000c000   00003fe0  0000093c  000036a4  RWIX
  INT00                 0000ffe0   00000002  00000000  00000002  RWIX
  INT01                 0000ffe2   00000002  00000000  00000002  RWIX
  INT02                 0000ffe4   00000002  00000002  00000000  RWIX
  INT03                 0000ffe6   00000002  00000000  00000002  RWIX
  INT04                 0000ffe8   00000002  00000000  00000002  RWIX
  INT05                 0000ffea   00000002  00000002  00000000  RWIX
  INT06                 0000ffec   00000002  00000002  00000000  RWIX
  INT07                 0000ffee   00000002  00000000  00000002  RWIX
  INT08                 0000fff0   00000002  00000002  00000000  RWIX
  INT09                 0000fff2   00000002  00000002  00000000  RWIX
  INT10                 0000fff4   00000002  00000002  00000000  RWIX
  INT11                 0000fff6   00000002  00000002  00000000  RWIX
  INT12                 0000fff8   00000002  00000002  00000000  RWIX
  INT13                 0000fffa   00000002  00000002  00000000  RWIX
  INT14                 0000fffc   00000002  00000002  00000000  RWIX
  RESET                 0000fffe   00000002  00000002  00000000  RWIX


SECTION ALLOCATION MAP

 output                                  attributes/
section   page    origin      length       input sections
--------  ----  ----------  ----------   ----------------
.init_array 
*          0    0000c000    00000000     UNINITIALIZED

PORT2      0    00000000    00000004     FAILED TO ALLOCATE
USCIAB0RX 
*          0    00000000    00000004     FAILED TO ALLOCATE
.bss       0    00000200    00000030     UNINITIALIZED
                  00000200    00000030     main.obj (.bss)

.TI.noinit 
*          0    00000200    00000000     UNINITIALIZED

.data      0    00000230    0000000a     
                  00000230    0000000a     main.obj (.data)

.TI.persistent 
*          0    00000230    00000000     UNINITIALIZED

.stack     0    000003b0    00000050     UNINITIALIZED
                  000003b0    00000002     rts430_eabi.lib : boot.obj (.stack)
                  000003b2    0000004e     --HOLE--

.text      0    0000c000    00000920     
                  0000c000    0000012c     main.obj (.text:main)
                  0000c12c    00000094     main.obj (.text:msprf24_init)
                  0000c1c0    00000092     main.obj (.text:USCIAB0TX_ISR)
                  0000c252    00000068     main.obj (.text:msprf24_set_pipe_packetsize)
                  0000c2ba    00000060     main.obj (.text:msprf24_set_retransmit_delay)
                  0000c31a    0000005e     rts430_eabi.lib : copy_decompress_rle.obj (.text:__TI_decompress_rle_core)
                  0000c378    0000005e                     : autoinit.obj (.text:_auto_init)
                  0000c3d6    0000005c     main.obj (.text:w_tx_payload)
                  0000c432    0000005a     main.obj (.text:msprf24_current_state)
                  0000c48c    00000054     main.obj (.text:msprf24_open_pipe)
                  0000c4e0    00000052     main.obj (.text:w_rx_addr)
                  0000c532    0000003a     main.obj (.text:spi_transfer16)
                  0000c56c    00000032     main.obj (.text:w_tx_addr)
                  0000c59e    0000002e     main.obj (.text:msprf24_set_speed_power)
                  0000c5cc    0000002e     main.obj (.text:msprf24_standby)
                  0000c5fa    0000002c     rts430_eabi.lib : div16s.obj (.text)
                  0000c626    0000002c                     : lsl16.obj (.text)
                  0000c652    0000002a     main.obj (.text:msprf24_get_irq_reason)
                  0000c67c    0000002a     main.obj (.text:spi_init)
                  0000c6a6    00000028     main.obj (.text:msprf24_activate_tx)
                  0000c6ce    00000026     main.obj (.text:r_reg)
                  0000c6f4    00000026     main.obj (.text:w_reg)
                  0000c71a    00000024     main.obj (.text:msprf24_set_address_width)
                  0000c73e    00000024     main.obj (.text:msprf24_set_config)
                  0000c762    00000022     main.obj (.text:msprf24_enable_feature)
                  0000c784    0000001e     main.obj (.text:msprf24_set_channel)
                  0000c7a2    0000001c     main.obj (.text:msprf24_is_alive)
                  0000c7be    0000001c     main.obj (.text:msprf24_set_retransmit_count)
                  0000c7da    0000001a     rts430_eabi.lib : boot.obj (.text:_c_int00_noexit)
                  0000c7f4    00000018     main.obj (.text:P2_IRQ)
                  0000c80c    00000018     main.obj (.text:msprf24_close_pipe_all)
                  0000c824    00000018     main.obj (.text:spi_transfer)
                  0000c83c    00000016     main.obj (.text:flush_rx)
                  0000c852    00000016     main.obj (.text:flush_tx)
                  0000c868    00000016     rts430_eabi.lib : div16u.obj (.text)
                  0000c87e    00000014                     : copy_zero_init.obj (.text:decompress:ZI:__TI_zero_init)
                  0000c892    00000012                     : copy_decompress_none.obj (.text:decompress:none:__TI_decompress_none)
                  0000c8a4    00000012                     : memcpy.obj (.text:memcpy)
                  0000c8b6    00000010     main.obj (.text:msprf24_irq_clear)
                  0000c8c6    00000010     rts430_eabi.lib : epilog.obj (.text)
                  0000c8d6    0000000e     main.obj (.text:msprf24_get_last_retransmits)
                  0000c8e4    0000000c     main.obj (.text:USCI_RX)
                  0000c8f0    0000000c     main.obj (.text:msprf24_powerdown)
                  0000c8fc    00000006     rts430_eabi.lib : copy_decompress_rle.obj (.text:decompress:rle24:__TI_decompress_rle24)
                  0000c902    00000004                     : pre_init.obj (.text:_system_pre_init)
                  0000c906    00000004                     : exit.obj (.text:abort)
                  0000c90a    00000002     main.obj (.text:ADC10_ISR)
                  0000c90c    00000002     main.obj (.text:COMPARATORA_ISR)
                  0000c90e    00000002     main.obj (.text:NMI_ISR)
                  0000c910    00000002     main.obj (.text:PORT1_ISR)
                  0000c912    00000002     main.obj (.text:PORT2_ISR)
                  0000c914    00000002     main.obj (.text:TIMER0_A0_ISR)
                  0000c916    00000002     main.obj (.text:TIMER0_A1_ISR)
                  0000c918    00000002     main.obj (.text:TIMER1_A0_ISR)
                  0000c91a    00000002     main.obj (.text:TIMER1_A1_ISR)
                  0000c91c    00000002     main.obj (.text:USCIAB0RX_ISR)
                  0000c91e    00000002     main.obj (.text:WDT_ISR)

.cinit     0    0000c920    0000001c     
                  0000c920    00000009     (.cinit..data.load) [load image, compression = rle]
                  0000c929    00000001     --HOLE-- [fill = 0]
                  0000c92a    00000006     (__TI_handler_table)
                  0000c930    00000004     (.cinit..bss.load) [load image, compression = zero_init]
                  0000c934    00000008     (__TI_cinit_table)

PORT1      0    0000ffe4    00000002     
                  0000ffe4    00000002     main.obj (.int02)

ADC10      0    0000ffea    00000002     
                  0000ffea    00000002     main.obj (.int05)

USCIAB0TX 
*          0    0000ffec    00000002     
                  0000ffec    00000002     main.obj (.int06)

TIMER0_A1 
*          0    0000fff0    00000002     
                  0000fff0    00000002     main.obj (.int08)

TIMER0_A0 
*          0    0000fff2    00000002     
                  0000fff2    00000002     main.obj (.int09)

WDT        0    0000fff4    00000002     
                  0000fff4    00000002     main.obj (.int10)

COMPARATORA 
*          0    0000fff6    00000002     
                  0000fff6    00000002     main.obj (.int11)

TIMER1_A1 
*          0    0000fff8    00000002     
                  0000fff8    00000002     main.obj (.int12)

TIMER1_A0 
*          0    0000fffa    00000002     
                  0000fffa    00000002     main.obj (.int13)

NMI        0    0000fffc    00000002     
                  0000fffc    00000002     main.obj (.int14)

.reset     0    0000fffe    00000002     
                  0000fffe    00000002     rts430_eabi.lib : boot.obj (.reset)


LINKER GENERATED COPY TABLES

__TI_cinit_table @ 0000c934 records: 2, size/record: 4, table size: 8
	.data: load addr=0000c920, load size=00000009 bytes, run addr=00000230, run size=0000000a bytes, compression=rle
	.bss: load addr=0000c930, load size=00000004 bytes, run addr=00000200, run size=00000030 bytes, compression=zero_init


LINKER GENERATED HANDLER TABLE

__TI_handler_table @ 0000c92a records: 3, size/record: 2, table size: 6
	index: 0, handler: __TI_zero_init
	index: 1, handler: __TI_decompress_rle24
	index: 2, handler: __TI_decompress_none


GLOBAL SYMBOLS: SORTED ALPHABETICALLY BY Name 

address    name
--------   ----
0000004a   ADC10AE0
000001b0   ADC10CTL0
000001b2   ADC10CTL1
00000048   ADC10DTC0
00000049   ADC10DTC1
000001b4   ADC10MEM
000001bc   ADC10SA
0000c90a   ADC10_ISR
00000057   BCSCTL1
00000058   BCSCTL2
00000053   BCSCTL3
0000c906   C$$EXIT
00000059   CACTL1
0000005a   CACTL2
000010fb   CALBC1_12MHZ
000010f9   CALBC1_16MHZ
000010ff   CALBC1_1MHZ
000010fd   CALBC1_8MHZ
000010fa   CALDCO_12MHZ
000010f8   CALDCO_16MHZ
000010fe   CALDCO_1MHZ
000010fc   CALDCO_8MHZ
0000005b   CAPD
0000c90c   COMPARATORA_ISR
00000056   DCOCTL
00000128   FCTL1
0000012a   FCTL2
0000012c   FCTL3
00000000   IE1
00000001   IE2
00000002   IFG1
00000003   IFG2
0000c90e   NMI_ISR
00000022   P1DIR
00000025   P1IE
00000024   P1IES
00000023   P1IFG
00000020   P1IN
00000021   P1OUT
00000027   P1REN
00000026   P1SEL
00000041   P1SEL2
0000002a   P2DIR
0000002d   P2IE
0000002c   P2IES
0000002b   P2IFG
00000028   P2IN
00000029   P2OUT
0000002f   P2REN
0000002e   P2SEL
00000042   P2SEL2
0000c7f4   P2_IRQ
0000001a   P3DIR
00000018   P3IN
00000019   P3OUT
00000010   P3REN
0000001b   P3SEL
00000043   P3SEL2
0000c910   PORT1_ISR
0000c912   PORT2_ISR
00000172   TA0CCR0
00000174   TA0CCR1
00000176   TA0CCR2
00000162   TA0CCTL0
00000164   TA0CCTL1
00000166   TA0CCTL2
00000160   TA0CTL
0000012e   TA0IV
00000170   TA0R
00000192   TA1CCR0
00000194   TA1CCR1
00000196   TA1CCR2
00000182   TA1CCTL0
00000184   TA1CCTL1
00000186   TA1CCTL2
00000180   TA1CTL
0000011e   TA1IV
00000190   TA1R
0000c914   TIMER0_A0_ISR
0000c916   TIMER0_A1_ISR
0000c918   TIMER1_A0_ISR
0000c91a   TIMER1_A1_ISR
0000005d   UCA0ABCTL
00000062   UCA0BR0
00000063   UCA0BR1
00000060   UCA0CTL0
00000061   UCA0CTL1
0000005f   UCA0IRRCTL
0000005e   UCA0IRTCTL
00000064   UCA0MCTL
00000066   UCA0RXBUF
00000065   UCA0STAT
00000067   UCA0TXBUF
0000006a   UCB0BR0
0000006b   UCB0BR1
00000068   UCB0CTL0
00000069   UCB0CTL1
0000006c   UCB0I2CIE
00000118   UCB0I2COA
0000011a   UCB0I2CSA
0000006e   UCB0RXBUF
0000006d   UCB0STAT
0000006f   UCB0TXBUF
0000c91c   USCIAB0RX_ISR
0000c1c0   USCIAB0TX_ISR
0000c8e4   USCI_RX
00000120   WDTCTL
0000c91e   WDT_ISR
00000400   __STACK_END
00000050   __STACK_SIZE
0000c934   __TI_CINIT_Base
0000c93c   __TI_CINIT_Limit
0000c92a   __TI_Handler_Table_Base
0000c930   __TI_Handler_Table_Limit
UNDEFED    __TI_INITARRAY_Base
UNDEFED    __TI_INITARRAY_Limit
00000001   __TI_args_main
0000c892   __TI_decompress_none
0000c8fc   __TI_decompress_rle24
00000001   __TI_exit
0000c87e   __TI_zero_init
ffffffff   __binit__
ffffffff   __c_args__
0000c5fa   __mspabi_divi
0000c868   __mspabi_divu
0000c8d2   __mspabi_func_epilog_1
0000c8d0   __mspabi_func_epilog_2
0000c8ce   __mspabi_func_epilog_3
0000c8cc   __mspabi_func_epilog_4
0000c8ca   __mspabi_func_epilog_5
0000c8c8   __mspabi_func_epilog_6
0000c8c6   __mspabi_func_epilog_7
0000c5fa   __mspabi_remi
0000c868   __mspabi_remu
0000c626   __mspabi_slli
0000c64e   __mspabi_slli_1
0000c63c   __mspabi_slli_10
0000c63a   __mspabi_slli_11
0000c638   __mspabi_slli_12
0000c636   __mspabi_slli_13
0000c634   __mspabi_slli_14
0000c632   __mspabi_slli_15
0000c64c   __mspabi_slli_2
0000c64a   __mspabi_slli_3
0000c648   __mspabi_slli_4
0000c646   __mspabi_slli_5
0000c644   __mspabi_slli_6
0000c642   __mspabi_slli_7
0000c640   __mspabi_slli_8
0000c63e   __mspabi_slli_9
0000c378   _auto_init
0000c7da   _c_int00
0000c7da   _c_int00_noexit
0000fffe   _reset_vector
000003b0   _stack
0000c902   _system_pre_init
0000c906   abort
ffffffff   binit
0000c83c   flush_rx
0000c852   flush_tx
0000c000   main
0000c8a4   memcpy
0000c6a6   msprf24_activate_tx
0000c80c   msprf24_close_pipe_all
0000c432   msprf24_current_state
0000c762   msprf24_enable_feature
0000c652   msprf24_get_irq_reason
0000c8d6   msprf24_get_last_retransmits
0000c12c   msprf24_init
0000c8b6   msprf24_irq_clear
0000c7a2   msprf24_is_alive
0000c48c   msprf24_open_pipe
0000c8f0   msprf24_powerdown
0000c71a   msprf24_set_address_width
0000c784   msprf24_set_channel
0000c73e   msprf24_set_config
0000c252   msprf24_set_pipe_packetsize
0000c7be   msprf24_set_retransmit_count
0000c2ba   msprf24_set_retransmit_delay
0000c59e   msprf24_set_speed_power
0000c5cc   msprf24_standby
0000c6ce   r_reg
00000202   rf_addr_width
00000204   rf_channel
00000201   rf_crc
00000200   rf_feature
00000206   rf_irq
00000203   rf_speed_power
00000205   rf_status
0000c67c   spi_init
0000c824   spi_transfer
0000c532   spi_transfer16
0000022e   user
0000c6f4   w_reg
0000c4e0   w_rx_addr
0000c56c   w_tx_addr
0000c3d6   w_tx_payload


GLOBAL SYMBOLS: SORTED BY Symbol Address 

address    name
--------   ----
00000000   IE1
00000001   IE2
00000001   __TI_args_main
00000001   __TI_exit
00000002   IFG1
00000003   IFG2
00000010   P3REN
00000018   P3IN
00000019   P3OUT
0000001a   P3DIR
0000001b   P3SEL
00000020   P1IN
00000021   P1OUT
00000022   P1DIR
00000023   P1IFG
00000024   P1IES
00000025   P1IE
00000026   P1SEL
00000027   P1REN
00000028   P2IN
00000029   P2OUT
0000002a   P2DIR
0000002b   P2IFG
0000002c   P2IES
0000002d   P2IE
0000002e   P2SEL
0000002f   P2REN
00000041   P1SEL2
00000042   P2SEL2
00000043   P3SEL2
00000048   ADC10DTC0
00000049   ADC10DTC1
0000004a   ADC10AE0
00000050   __STACK_SIZE
00000053   BCSCTL3
00000056   DCOCTL
00000057   BCSCTL1
00000058   BCSCTL2
00000059   CACTL1
0000005a   CACTL2
0000005b   CAPD
0000005d   UCA0ABCTL
0000005e   UCA0IRTCTL
0000005f   UCA0IRRCTL
00000060   UCA0CTL0
00000061   UCA0CTL1
00000062   UCA0BR0
00000063   UCA0BR1
00000064   UCA0MCTL
00000065   UCA0STAT
00000066   UCA0RXBUF
00000067   UCA0TXBUF
00000068   UCB0CTL0
00000069   UCB0CTL1
0000006a   UCB0BR0
0000006b   UCB0BR1
0000006c   UCB0I2CIE
0000006d   UCB0STAT
0000006e   UCB0RXBUF
0000006f   UCB0TXBUF
00000118   UCB0I2COA
0000011a   UCB0I2CSA
0000011e   TA1IV
00000120   WDTCTL
00000128   FCTL1
0000012a   FCTL2
0000012c   FCTL3
0000012e   TA0IV
00000160   TA0CTL
00000162   TA0CCTL0
00000164   TA0CCTL1
00000166   TA0CCTL2
00000170   TA0R
00000172   TA0CCR0
00000174   TA0CCR1
00000176   TA0CCR2
00000180   TA1CTL
00000182   TA1CCTL0
00000184   TA1CCTL1
00000186   TA1CCTL2
00000190   TA1R
00000192   TA1CCR0
00000194   TA1CCR1
00000196   TA1CCR2
000001b0   ADC10CTL0
000001b2   ADC10CTL1
000001b4   ADC10MEM
000001bc   ADC10SA
00000200   rf_feature
00000201   rf_crc
00000202   rf_addr_width
00000203   rf_speed_power
00000204   rf_channel
00000205   rf_status
00000206   rf_irq
0000022e   user
000003b0   _stack
00000400   __STACK_END
000010f8   CALDCO_16MHZ
000010f9   CALBC1_16MHZ
000010fa   CALDCO_12MHZ
000010fb   CALBC1_12MHZ
000010fc   CALDCO_8MHZ
000010fd   CALBC1_8MHZ
000010fe   CALDCO_1MHZ
000010ff   CALBC1_1MHZ
0000c000   main
0000c12c   msprf24_init
0000c1c0   USCIAB0TX_ISR
0000c252   msprf24_set_pipe_packetsize
0000c2ba   msprf24_set_retransmit_delay
0000c378   _auto_init
0000c3d6   w_tx_payload
0000c432   msprf24_current_state
0000c48c   msprf24_open_pipe
0000c4e0   w_rx_addr
0000c532   spi_transfer16
0000c56c   w_tx_addr
0000c59e   msprf24_set_speed_power
0000c5cc   msprf24_standby
0000c5fa   __mspabi_divi
0000c5fa   __mspabi_remi
0000c626   __mspabi_slli
0000c632   __mspabi_slli_15
0000c634   __mspabi_slli_14
0000c636   __mspabi_slli_13
0000c638   __mspabi_slli_12
0000c63a   __mspabi_slli_11
0000c63c   __mspabi_slli_10
0000c63e   __mspabi_slli_9
0000c640   __mspabi_slli_8
0000c642   __mspabi_slli_7
0000c644   __mspabi_slli_6
0000c646   __mspabi_slli_5
0000c648   __mspabi_slli_4
0000c64a   __mspabi_slli_3
0000c64c   __mspabi_slli_2
0000c64e   __mspabi_slli_1
0000c652   msprf24_get_irq_reason
0000c67c   spi_init
0000c6a6   msprf24_activate_tx
0000c6ce   r_reg
0000c6f4   w_reg
0000c71a   msprf24_set_address_width
0000c73e   msprf24_set_config
0000c762   msprf24_enable_feature
0000c784   msprf24_set_channel
0000c7a2   msprf24_is_alive
0000c7be   msprf24_set_retransmit_count
0000c7da   _c_int00
0000c7da   _c_int00_noexit
0000c7f4   P2_IRQ
0000c80c   msprf24_close_pipe_all
0000c824   spi_transfer
0000c83c   flush_rx
0000c852   flush_tx
0000c868   __mspabi_divu
0000c868   __mspabi_remu
0000c87e   __TI_zero_init
0000c892   __TI_decompress_none
0000c8a4   memcpy
0000c8b6   msprf24_irq_clear
0000c8c6   __mspabi_func_epilog_7
0000c8c8   __mspabi_func_epilog_6
0000c8ca   __mspabi_func_epilog_5
0000c8cc   __mspabi_func_epilog_4
0000c8ce   __mspabi_func_epilog_3
0000c8d0   __mspabi_func_epilog_2
0000c8d2   __mspabi_func_epilog_1
0000c8d6   msprf24_get_last_retransmits
0000c8e4   USCI_RX
0000c8f0   msprf24_powerdown
0000c8fc   __TI_decompress_rle24
0000c902   _system_pre_init
0000c906   C$$EXIT
0000c906   abort
0000c90a   ADC10_ISR
0000c90c   COMPARATORA_ISR
0000c90e   NMI_ISR
0000c910   PORT1_ISR
0000c912   PORT2_ISR
0000c914   TIMER0_A0_ISR
0000c916   TIMER0_A1_ISR
0000c918   TIMER1_A0_ISR
0000c91a   TIMER1_A1_ISR
0000c91c   USCIAB0RX_ISR
0000c91e   WDT_ISR
0000c92a   __TI_Handler_Table_Base
0000c930   __TI_Handler_Table_Limit
0000c934   __TI_CINIT_Base
0000c93c   __TI_CINIT_Limit
0000fffe   _reset_vector
ffffffff   __binit__
ffffffff   __c_args__
ffffffff   binit
UNDEFED    __TI_INITARRAY_Base
UNDEFED    __TI_INITARRAY_Limit

[197 symbols]
