******************************************************************************
                  MSP430 Linker PC v4.1.5                      
******************************************************************************
>> Linked Thu Oct 03 11:55:25 2013

OUTPUT FILE NAME:   <Temp MPU.out>
ENTRY POINT SYMBOL: "_c_int00"  address: 0000c3fc


MEMORY CONFIGURATION

         name            origin    length      used     unused   attr    fill
----------------------  --------  ---------  --------  --------  ----  --------
  SFR                   00000000   00000010  00000000  00000010  RWIX
  PERIPHERALS_8BIT      00000010   000000f0  00000000  000000f0  RWIX
  PERIPHERALS_16BIT     00000100   00000100  00000000  00000100  RWIX
  RAM                   00000200   00000200  000000aa  00000156  RWIX
  INFOD                 00001000   00000040  00000000  00000040  RWIX
  INFOC                 00001040   00000040  00000000  00000040  RWIX
  INFOB                 00001080   00000040  00000000  00000040  RWIX
  INFOA                 000010c0   00000040  00000000  00000040  RWIX
  FLASH                 0000c000   00003fe0  00000548  00003a98  RWIX
  INT00                 0000ffe0   00000002  00000000  00000002  RWIX
  INT01                 0000ffe2   00000002  00000000  00000002  RWIX
  INT02                 0000ffe4   00000002  00000000  00000002  RWIX
  INT03                 0000ffe6   00000002  00000000  00000002  RWIX
  INT04                 0000ffe8   00000002  00000000  00000002  RWIX
  INT05                 0000ffea   00000002  00000000  00000002  RWIX
  INT06                 0000ffec   00000002  00000002  00000000  RWIX
  INT07                 0000ffee   00000002  00000000  00000002  RWIX
  INT08                 0000fff0   00000002  00000000  00000002  RWIX
  INT09                 0000fff2   00000002  00000000  00000002  RWIX
  INT10                 0000fff4   00000002  00000000  00000002  RWIX
  INT11                 0000fff6   00000002  00000000  00000002  RWIX
  INT12                 0000fff8   00000002  00000000  00000002  RWIX
  INT13                 0000fffa   00000002  00000000  00000002  RWIX
  INT14                 0000fffc   00000002  00000000  00000002  RWIX
  RESET                 0000fffe   00000002  00000002  00000000  RWIX


SECTION ALLOCATION MAP

 output                                  attributes/
section   page    origin      length       input sections
--------  ----  ----------  ----------   ----------------
.init_array 
*          0    0000c000    00000000     UNINITIALIZED

.bss       0    00000200    00000050     UNINITIALIZED
                  00000200    00000050     main.obj (.bss)

.TI.noinit 
*          0    00000200    00000000     UNINITIALIZED

.data      0    00000250    0000000a     
                  00000250    0000000a     main.obj (.data)

.TI.persistent 
*          0    00000250    00000000     UNINITIALIZED

.stack     0    000003b0    00000050     UNINITIALIZED
                  000003b0    00000002     rts430_eabi.lib : boot.obj (.stack)
                  000003b2    0000004e     --HOLE--

.text      0    0000c000    0000052c     
                  0000c000    00000092     main.obj (.text:USCIAB0TX_ISR)
                  0000c092    0000006c     main.obj (.text:initMPU)
                  0000c0fe    0000006c     main.obj (.text:main)
                  0000c16a    0000005e     rts430_eabi.lib : copy_decompress_rle.obj (.text:__TI_decompress_rle_core)
                  0000c1c8    0000005e                     : autoinit.obj (.text:_auto_init)
                  0000c226    00000054     main.obj (.text:I2CendTransmission)
                  0000c27a    00000052     main.obj (.text:I2CrequestFrom)
                  0000c2cc    00000050     main.obj (.text:writeBit)
                  0000c31c    00000042     main.obj (.text:initializeIMU)
                  0000c35e    0000002c     main.obj (.text:msDelay)
                  0000c38a    0000002c     rts430_eabi.lib : lsl16.obj (.text)
                  0000c3b6    0000002a     main.obj (.text:readByte)
                  0000c3e0    0000001c     main.obj (.text:setClockSource)
                  0000c3fc    0000001a     rts430_eabi.lib : boot.obj (.text:_c_int00_noexit)
                  0000c416    0000001a     main.obj (.text:setFullScaleAccelRange)
                  0000c430    0000001a     main.obj (.text:setFullScaleGyroRange)
                  0000c44a    00000016     main.obj (.text:I2Cread)
                  0000c460    00000016     main.obj (.text:writeByte)
                  0000c476    00000014     rts430_eabi.lib : copy_zero_init.obj (.text:decompress:ZI:__TI_zero_init)
                  0000c48a    00000014     main.obj (.text:setSleepEnabled)
                  0000c49e    00000012     rts430_eabi.lib : copy_decompress_none.obj (.text:decompress:none:__TI_decompress_none)
                  0000c4b0    00000012                     : memcpy.obj (.text:memcpy)
                  0000c4c2    00000010     main.obj (.text:enable_fifo)
                  0000c4d2    00000010     main.obj (.text:getDeviceID)
                  0000c4e2    00000010     rts430_eabi.lib : epilog.obj (.text)
                  0000c4f2    00000010     main.obj (.text:sampleRate)
                  0000c502    0000000e     main.obj (.text:I2CbeginTransmission)
                  0000c510    0000000e     main.obj (.text:I2Cwrite)
                  0000c51e    00000006     rts430_eabi.lib : copy_decompress_rle.obj (.text:decompress:rle24:__TI_decompress_rle24)
                  0000c524    00000004                     : pre_init.obj (.text:_system_pre_init)
                  0000c528    00000004                     : exit.obj (.text:abort)

.cinit     0    0000c52c    0000001c     
                  0000c52c    00000009     (.cinit..data.load) [load image, compression = rle]
                  0000c535    00000001     --HOLE-- [fill = 0]
                  0000c536    00000006     (__TI_handler_table)
                  0000c53c    00000004     (.cinit..bss.load) [load image, compression = zero_init]
                  0000c540    00000008     (__TI_cinit_table)

USCIAB0TX 
*          0    0000ffec    00000002     
                  0000ffec    00000002     main.obj (.int06)

.reset     0    0000fffe    00000002     
                  0000fffe    00000002     rts430_eabi.lib : boot.obj (.reset)


LINKER GENERATED COPY TABLES

__TI_cinit_table @ 0000c540 records: 2, size/record: 4, table size: 8
	.data: load addr=0000c52c, load size=00000009 bytes, run addr=00000250, run size=0000000a bytes, compression=rle
	.bss: load addr=0000c53c, load size=00000004 bytes, run addr=00000200, run size=00000050 bytes, compression=zero_init


LINKER GENERATED HANDLER TABLE

__TI_handler_table @ 0000c536 records: 3, size/record: 2, table size: 6
	index: 0, handler: __TI_zero_init
	index: 1, handler: __TI_decompress_rle24
	index: 2, handler: __TI_decompress_none


GLOBAL SYMBOLS: SORTED ALPHABETICALLY BY Name 

address    name
--------   ----
0000004a   ADC10AE0
000001b0   ADC10CTL0
000001b2   ADC10CTL1
00000048   ADC10DTC0
00000049   ADC10DTC1
000001b4   ADC10MEM
000001bc   ADC10SA
00000057   BCSCTL1
00000058   BCSCTL2
00000053   BCSCTL3
0000c528   C$$EXIT
00000059   CACTL1
0000005a   CACTL2
000010fb   CALBC1_12MHZ
000010f9   CALBC1_16MHZ
000010ff   CALBC1_1MHZ
000010fd   CALBC1_8MHZ
000010fa   CALDCO_12MHZ
000010f8   CALDCO_16MHZ
000010fe   CALDCO_1MHZ
000010fc   CALDCO_8MHZ
0000005b   CAPD
00000056   DCOCTL
00000128   FCTL1
0000012a   FCTL2
0000012c   FCTL3
0000c502   I2CbeginTransmission
0000c226   I2CendTransmission
0000c44a   I2Cread
0000c27a   I2CrequestFrom
0000c510   I2Cwrite
00000000   IE1
00000001   IE2
00000002   IFG1
00000003   IFG2
00000022   P1DIR
00000025   P1IE
00000024   P1IES
00000023   P1IFG
00000020   P1IN
00000021   P1OUT
00000027   P1REN
00000026   P1SEL
00000041   P1SEL2
0000002a   P2DIR
0000002d   P2IE
0000002c   P2IES
0000002b   P2IFG
00000028   P2IN
00000029   P2OUT
0000002f   P2REN
0000002e   P2SEL
00000042   P2SEL2
0000001a   P3DIR
00000018   P3IN
00000019   P3OUT
00000010   P3REN
0000001b   P3SEL
00000043   P3SEL2
00000172   TA0CCR0
00000174   TA0CCR1
00000176   TA0CCR2
00000162   TA0CCTL0
00000164   TA0CCTL1
00000166   TA0CCTL2
00000160   TA0CTL
0000012e   TA0IV
00000170   TA0R
00000192   TA1CCR0
00000194   TA1CCR1
00000196   TA1CCR2
00000182   TA1CCTL0
00000184   TA1CCTL1
00000186   TA1CCTL2
00000180   TA1CTL
0000011e   TA1IV
00000190   TA1R
0000005d   UCA0ABCTL
00000062   UCA0BR0
00000063   UCA0BR1
00000060   UCA0CTL0
00000061   UCA0CTL1
0000005f   UCA0IRRCTL
0000005e   UCA0IRTCTL
00000064   UCA0MCTL
00000066   UCA0RXBUF
00000065   UCA0STAT
00000067   UCA0TXBUF
0000006a   UCB0BR0
0000006b   UCB0BR1
00000068   UCB0CTL0
00000069   UCB0CTL1
0000006c   UCB0I2CIE
00000118   UCB0I2COA
0000011a   UCB0I2CSA
0000006e   UCB0RXBUF
0000006d   UCB0STAT
0000006f   UCB0TXBUF
0000c000   USCIAB0TX_ISR
00000120   WDTCTL
00000400   __STACK_END
00000050   __STACK_SIZE
0000c540   __TI_CINIT_Base
0000c548   __TI_CINIT_Limit
0000c536   __TI_Handler_Table_Base
0000c53c   __TI_Handler_Table_Limit
UNDEFED    __TI_INITARRAY_Base
UNDEFED    __TI_INITARRAY_Limit
00000001   __TI_args_main
0000c49e   __TI_decompress_none
0000c51e   __TI_decompress_rle24
00000001   __TI_exit
0000c476   __TI_zero_init
ffffffff   __binit__
ffffffff   __c_args__
0000c4ee   __mspabi_func_epilog_1
0000c4ec   __mspabi_func_epilog_2
0000c4ea   __mspabi_func_epilog_3
0000c4e8   __mspabi_func_epilog_4
0000c4e6   __mspabi_func_epilog_5
0000c4e4   __mspabi_func_epilog_6
0000c4e2   __mspabi_func_epilog_7
0000c38a   __mspabi_slli
0000c3b2   __mspabi_slli_1
0000c3a0   __mspabi_slli_10
0000c39e   __mspabi_slli_11
0000c39c   __mspabi_slli_12
0000c39a   __mspabi_slli_13
0000c398   __mspabi_slli_14
0000c396   __mspabi_slli_15
0000c3b0   __mspabi_slli_2
0000c3ae   __mspabi_slli_3
0000c3ac   __mspabi_slli_4
0000c3aa   __mspabi_slli_5
0000c3a8   __mspabi_slli_6
0000c3a6   __mspabi_slli_7
0000c3a4   __mspabi_slli_8
0000c3a2   __mspabi_slli_9
0000c1c8   _auto_init
0000c3fc   _c_int00
0000c3fc   _c_int00_noexit
0000fffe   _reset_vector
000003b0   _stack
0000c524   _system_pre_init
0000c528   abort
00000230   axis_unsigned_signed
00000238   axis_unsigned_unsigned
ffffffff   binit
00000226   device_id
0000c4c2   enable_fifo
0000c4d2   getDeviceID
UNDEFED    get_accel_temp_unsigned_unsigned
0000c092   initMPU
0000c31c   initializeIMU
0000c0fe   main
0000c4b0   memcpy
0000c35e   msDelay
0000c3b6   readByte
0000c4f2   sampleRate
0000c3e0   setClockSource
0000c416   setFullScaleAccelRange
0000c430   setFullScaleGyroRange
0000c48a   setSleepEnabled
00000228   temp_signed_signed
0000022e   temp_signed_unsigned
0000022a   temp_unsigned_signed
0000022c   temp_unsigned_unsigned
00000248   test_16
00000240   test_8
0000c2cc   writeBit
0000c460   writeByte


GLOBAL SYMBOLS: SORTED BY Symbol Address 

address    name
--------   ----
00000000   IE1
00000001   IE2
00000001   __TI_args_main
00000001   __TI_exit
00000002   IFG1
00000003   IFG2
00000010   P3REN
00000018   P3IN
00000019   P3OUT
0000001a   P3DIR
0000001b   P3SEL
00000020   P1IN
00000021   P1OUT
00000022   P1DIR
00000023   P1IFG
00000024   P1IES
00000025   P1IE
00000026   P1SEL
00000027   P1REN
00000028   P2IN
00000029   P2OUT
0000002a   P2DIR
0000002b   P2IFG
0000002c   P2IES
0000002d   P2IE
0000002e   P2SEL
0000002f   P2REN
00000041   P1SEL2
00000042   P2SEL2
00000043   P3SEL2
00000048   ADC10DTC0
00000049   ADC10DTC1
0000004a   ADC10AE0
00000050   __STACK_SIZE
00000053   BCSCTL3
00000056   DCOCTL
00000057   BCSCTL1
00000058   BCSCTL2
00000059   CACTL1
0000005a   CACTL2
0000005b   CAPD
0000005d   UCA0ABCTL
0000005e   UCA0IRTCTL
0000005f   UCA0IRRCTL
00000060   UCA0CTL0
00000061   UCA0CTL1
00000062   UCA0BR0
00000063   UCA0BR1
00000064   UCA0MCTL
00000065   UCA0STAT
00000066   UCA0RXBUF
00000067   UCA0TXBUF
00000068   UCB0CTL0
00000069   UCB0CTL1
0000006a   UCB0BR0
0000006b   UCB0BR1
0000006c   UCB0I2CIE
0000006d   UCB0STAT
0000006e   UCB0RXBUF
0000006f   UCB0TXBUF
00000118   UCB0I2COA
0000011a   UCB0I2CSA
0000011e   TA1IV
00000120   WDTCTL
00000128   FCTL1
0000012a   FCTL2
0000012c   FCTL3
0000012e   TA0IV
00000160   TA0CTL
00000162   TA0CCTL0
00000164   TA0CCTL1
00000166   TA0CCTL2
00000170   TA0R
00000172   TA0CCR0
00000174   TA0CCR1
00000176   TA0CCR2
00000180   TA1CTL
00000182   TA1CCTL0
00000184   TA1CCTL1
00000186   TA1CCTL2
00000190   TA1R
00000192   TA1CCR0
00000194   TA1CCR1
00000196   TA1CCR2
000001b0   ADC10CTL0
000001b2   ADC10CTL1
000001b4   ADC10MEM
000001bc   ADC10SA
00000226   device_id
00000228   temp_signed_signed
0000022a   temp_unsigned_signed
0000022c   temp_unsigned_unsigned
0000022e   temp_signed_unsigned
00000230   axis_unsigned_signed
00000238   axis_unsigned_unsigned
00000240   test_8
00000248   test_16
000003b0   _stack
00000400   __STACK_END
000010f8   CALDCO_16MHZ
000010f9   CALBC1_16MHZ
000010fa   CALDCO_12MHZ
000010fb   CALBC1_12MHZ
000010fc   CALDCO_8MHZ
000010fd   CALBC1_8MHZ
000010fe   CALDCO_1MHZ
000010ff   CALBC1_1MHZ
0000c000   USCIAB0TX_ISR
0000c092   initMPU
0000c0fe   main
0000c1c8   _auto_init
0000c226   I2CendTransmission
0000c27a   I2CrequestFrom
0000c2cc   writeBit
0000c31c   initializeIMU
0000c35e   msDelay
0000c38a   __mspabi_slli
0000c396   __mspabi_slli_15
0000c398   __mspabi_slli_14
0000c39a   __mspabi_slli_13
0000c39c   __mspabi_slli_12
0000c39e   __mspabi_slli_11
0000c3a0   __mspabi_slli_10
0000c3a2   __mspabi_slli_9
0000c3a4   __mspabi_slli_8
0000c3a6   __mspabi_slli_7
0000c3a8   __mspabi_slli_6
0000c3aa   __mspabi_slli_5
0000c3ac   __mspabi_slli_4
0000c3ae   __mspabi_slli_3
0000c3b0   __mspabi_slli_2
0000c3b2   __mspabi_slli_1
0000c3b6   readByte
0000c3e0   setClockSource
0000c3fc   _c_int00
0000c3fc   _c_int00_noexit
0000c416   setFullScaleAccelRange
0000c430   setFullScaleGyroRange
0000c44a   I2Cread
0000c460   writeByte
0000c476   __TI_zero_init
0000c48a   setSleepEnabled
0000c49e   __TI_decompress_none
0000c4b0   memcpy
0000c4c2   enable_fifo
0000c4d2   getDeviceID
0000c4e2   __mspabi_func_epilog_7
0000c4e4   __mspabi_func_epilog_6
0000c4e6   __mspabi_func_epilog_5
0000c4e8   __mspabi_func_epilog_4
0000c4ea   __mspabi_func_epilog_3
0000c4ec   __mspabi_func_epilog_2
0000c4ee   __mspabi_func_epilog_1
0000c4f2   sampleRate
0000c502   I2CbeginTransmission
0000c510   I2Cwrite
0000c51e   __TI_decompress_rle24
0000c524   _system_pre_init
0000c528   C$$EXIT
0000c528   abort
0000c536   __TI_Handler_Table_Base
0000c53c   __TI_Handler_Table_Limit
0000c540   __TI_CINIT_Base
0000c548   __TI_CINIT_Limit
0000fffe   _reset_vector
ffffffff   __binit__
ffffffff   __c_args__
ffffffff   binit
UNDEFED    __TI_INITARRAY_Base
UNDEFED    __TI_INITARRAY_Limit
UNDEFED    get_accel_temp_unsigned_unsigned

[171 symbols]
